******************************************************************************
                  TI ARM Linker PC v20.2.6                     
******************************************************************************
>> Linked Tue May 31 22:55:37 2022

OUTPUT FILE NAME:   <D2_ProyectoTiva.out>
ENTRY POINT SYMBOL: "_c_int00_noargs"  address: 00000a19


MEMORY CONFIGURATION

         name            origin    length      used     unused   attr    fill
----------------------  --------  ---------  --------  --------  ----  --------
  FLASH                 00000000   00040000  00000ca6  0003f35a  R  X
  SRAM                  20000000   00008000  0000020a  00007df6  RW X


SEGMENT ALLOCATION MAP

run origin  load origin   length   init length attrs members
----------  ----------- ---------- ----------- ----- -------
00000000    00000000    00000ca8   00000ca8    r-x
  00000000    00000000    0000026c   0000026c    r-- .intvecs
  0000026c    0000026c    0000090e   0000090e    r-x .text
  00000b7c    00000b7c    000000fc   000000fc    r-- .const
  00000c78    00000c78    00000030   00000030    r-- .cinit
20000000    20000000    0000020c   00000000    rw-
  20000000    20000000    00000200   00000000    rw- .stack
  20000200    20000200    00000006   00000000    rw- .bss
  20000208    20000208    00000004   00000000    rw- .data


SECTION ALLOCATION MAP

 output                                  attributes/
section   page    origin      length       input sections
--------  ----  ----------  ----------   ----------------
.intvecs   0    00000000    0000026c     
                  00000000    0000026c     tm4c123gh6pm_startup_ccs.obj (.intvecs)

.text      0    0000026c    0000090e     
                  0000026c    00000268     main.obj (.text)
                  000004d4    00000132     driverlib.lib : gpio.obj (.text:GPIOPadConfigSet)
                  00000606    00000002     --HOLE-- [fill = 0]
                  00000608    00000110                   : sysctl.obj (.text:SysCtlClockGet)
                  00000718    000000f4                   : sysctl.obj (.text:SysCtlClockSet)
                  0000080c    0000009c     rtsv7M4_T_le_v4SPD16_eabi.lib : memcpy_t2.asm.obj (.text)
                  000008a8    00000068                                   : copy_decompress_lzss.c.obj (.text:decompress:lzss:__TI_decompress_lzss)
                  00000910    00000048     driverlib.lib : gpio.obj (.text:GPIOPinConfigure)
                  00000958    00000046                   : uart.obj (.text:UARTConfigSetExpClk)
                  0000099e    00000002     --HOLE-- [fill = 0]
                  000009a0    00000044     rtsv7M4_T_le_v4SPD16_eabi.lib : autoinit.c.obj (.text:__TI_auto_init_nobinit_nopinit:__TI_auto_init_nobinit_nopinit)
                  000009e4    00000034     driverlib.lib : sysctl.obj (.text:SysCtlPeripheralEnable)
                  00000a18    00000034     rtsv7M4_T_le_v4SPD16_eabi.lib : boot_cortex_m.c.obj (.text:_c_int00_noargs:_c_int00_noargs)
                  00000a4c    0000002a     driverlib.lib : gpio.obj (.text:GPIODirModeSet)
                  00000a76    00000002     --HOLE-- [fill = 0]
                  00000a78    00000020                   : uart.obj (.text:UARTDisable)
                  00000a98    0000001c     rtsv7M4_T_le_v4SPD16_eabi.lib : copy_zero_init.c.obj (.text:decompress:ZI:__TI_zero_init_nomemset:__TI_zero_init_nomemset)
                  00000ab4    00000018     driverlib.lib : gpio.obj (.text:GPIOPinTypeGPIOOutput)
                  00000acc    00000014                   : systick.obj (.text:SysTickDisable)
                  00000ae0    00000014                   : systick.obj (.text:SysTickEnable)
                  00000af4    00000014                   : uart.obj (.text:UARTEnable)
                  00000b08    00000012                   : gpio.obj (.text:GPIOPinTypeGPIOInput)
                  00000b1a    00000012                   : gpio.obj (.text:GPIOPinTypeUART)
                  00000b2c    00000010                   : systick.obj (.text:SysTickPeriodSet)
                  00000b3c    0000000e     rtsv7M4_T_le_v4SPD16_eabi.lib : copy_decompress_none.c.obj (.text:decompress:none:__TI_decompress_none)
                  00000b4a    0000000c     tm4c123gh6pm_startup_ccs.obj (.text)
                  00000b56    0000000a     driverlib.lib : uart.obj (.text:UARTCharPut)
                  00000b60    00000006                   : gpio.obj (.text:GPIOPinRead)
                  00000b66    00000006                   : gpio.obj (.text:GPIOPinWrite)
                  00000b6c    00000006                   : sysctl.obj (.text:SysCtlDelay)
                  00000b72    00000004     rtsv7M4_T_le_v4SPD16_eabi.lib : pre_init.c.obj (.text:_system_pre_init)
                  00000b76    00000004                                   : exit.c.obj (.text:abort:abort)

.const     0    00000b7c    000000fc     
                  00000b7c    00000090     driverlib.lib : gpio.obj (.const:g_pui32GPIOBaseAddrs)
                  00000c0c    0000006c                   : sysctl.obj (.const:g_pui32Xtals)

.cinit     0    00000c78    00000030     
                  00000c78    0000000c     (__TI_handler_table)
                  00000c84    00000004     --HOLE-- [fill = 0]
                  00000c88    00000008     (.cinit..bss.load) [load image, compression = zero_init]
                  00000c90    00000007     (.cinit..data.load) [load image, compression = lzss]
                  00000c97    00000001     --HOLE-- [fill = 0]
                  00000c98    00000010     (__TI_cinit_table)

.init_array 
*          0    00000000    00000000     UNINITIALIZED

.bss       0    20000200    00000006     UNINITIALIZED
                  20000200    00000001     (.common:activos)
                  20000201    00000001     (.common:sensor0)
                  20000202    00000001     (.common:sensor1)
                  20000203    00000001     (.common:sensor2)
                  20000204    00000001     (.common:sensor3)
                  20000205    00000001     (.common:sensorUART)

.data      0    20000208    00000004     UNINITIALIZED
                  20000208    00000004     main.obj (.data)

.stack     0    20000000    00000200     UNINITIALIZED
                  20000000    00000004     rtsv7M4_T_le_v4SPD16_eabi.lib : boot_cortex_m.c.obj (.stack)
                  20000004    000001fc     --HOLE--

__llvm_prf_cnts 
*          0    20000000    00000000     UNINITIALIZED

MODULE SUMMARY

       Module                         code   ro data   rw data
       ------                         ----   -------   -------
    .\
       tm4c123gh6pm_startup_ccs.obj   12     620       0      
       main.obj                       616    0         10     
    +--+------------------------------+------+---------+---------+
       Total:                         628    620       10     
                                                              
    C:/ti/TivaWare_C_Series-2.1.4.178/driverlib/ccs/Debug/driverlib.lib
       sysctl.obj                     574    108       0      
       gpio.obj                       492    144       0      
       uart.obj                       132    0         0      
       systick.obj                    56     0         0      
    +--+------------------------------+------+---------+---------+
       Total:                         1254   252       0      
                                                              
    C:\ti\ccs1120\ccs\tools\compiler\ti-cgt-arm_20.2.6.LTS\lib\rtsv7M4_T_le_v4SPD16_eabi.lib
       memcpy_t2.asm.obj              156    0         0      
       copy_decompress_lzss.c.obj     104    0         0      
       autoinit.c.obj                 68     0         0      
       boot_cortex_m.c.obj            52     0         0      
       copy_zero_init.c.obj           28     0         0      
       copy_decompress_none.c.obj     14     0         0      
       exit.c.obj                     4      0         0      
       pre_init.c.obj                 4      0         0      
    +--+------------------------------+------+---------+---------+
       Total:                         430    0         0      
                                                              
       Stack:                         0      0         512    
       Linker Generated:              0      43        0      
    +--+------------------------------+------+---------+---------+
       Grand Total:                   2312   915       522    


LINKER GENERATED COPY TABLES

__TI_cinit_table @ 00000c98 records: 2, size/record: 8, table size: 16
	.bss: load addr=00000c88, load size=00000008 bytes, run addr=20000200, run size=00000006 bytes, compression=zero_init
	.data: load addr=00000c90, load size=00000007 bytes, run addr=20000208, run size=00000004 bytes, compression=lzss


LINKER GENERATED HANDLER TABLE

__TI_handler_table @ 00000c78 records: 3, size/record: 4, table size: 12
	index: 0, handler: __TI_decompress_lzss
	index: 1, handler: __TI_decompress_none
	index: 2, handler: __TI_zero_init


GLOBAL SYMBOLS: SORTED ALPHABETICALLY BY Name 

address   name                          
-------   ----                          
00000b77  C$$EXIT                       
00000a4d  GPIODirModeSet                
000004d5  GPIOPadConfigSet              
00000911  GPIOPinConfigure              
00000b61  GPIOPinRead                   
00000b09  GPIOPinTypeGPIOInput          
00000ab5  GPIOPinTypeGPIOOutput         
00000b1b  GPIOPinTypeUART               
00000b67  GPIOPinWrite                  
00000b4b  ResetISR                      
00000609  SysCtlClockGet                
00000719  SysCtlClockSet                
00000b6d  SysCtlDelay                   
000009e5  SysCtlPeripheralEnable        
00000acd  SysTickDisable                
00000ae1  SysTickEnable                 
00000b2d  SysTickPeriodSet              
00000b57  UARTCharPut                   
00000959  UARTConfigSetExpClk           
00000a79  UARTDisable                   
00000af5  UARTEnable                    
20000200  __STACK_END                   
00000200  __STACK_SIZE                  
20000200  __STACK_TOP                   
00000c98  __TI_CINIT_Base               
00000ca8  __TI_CINIT_Limit              
00000c78  __TI_Handler_Table_Base       
00000c84  __TI_Handler_Table_Limit      
000009a1  __TI_auto_init_nobinit_nopinit
000008a9  __TI_decompress_lzss          
00000b3d  __TI_decompress_none          
ffffffff  __TI_pprof_out_hndl           
ffffffff  __TI_prof_data_size           
ffffffff  __TI_prof_data_start          
00000000  __TI_static_base__            
00000a99  __TI_zero_init_nomemset       
0000080d  __aeabi_memcpy                
0000080d  __aeabi_memcpy4               
0000080d  __aeabi_memcpy8               
ffffffff  __binit__                     
ffffffff  __c_args__                    
UNDEFED   __mpu_init                    
20000000  __stack                       
20000000  __start___llvm_prf_cnts       
20000000  __stop___llvm_prf_cnts        
00000a19  _c_int00_noargs               
UNDEFED   _system_post_cinit            
00000b73  _system_pre_init              
00000b77  abort                         
20000200  activos                       
ffffffff  binit                         
00000459  delay                         
0000043d  delay1ms                      
00000000  g_pfnVectors                  
20000208  i                             
0000026d  main                          
0000080d  memcpy                        
20000201  sensor0                       
20000202  sensor1                       
20000203  sensor2                       
20000204  sensor3                       
20000205  sensorUART                    


GLOBAL SYMBOLS: SORTED BY Symbol Address 

address   name                          
-------   ----                          
00000000  __TI_static_base__            
00000000  g_pfnVectors                  
00000200  __STACK_SIZE                  
0000026d  main                          
0000043d  delay1ms                      
00000459  delay                         
000004d5  GPIOPadConfigSet              
00000609  SysCtlClockGet                
00000719  SysCtlClockSet                
0000080d  __aeabi_memcpy                
0000080d  __aeabi_memcpy4               
0000080d  __aeabi_memcpy8               
0000080d  memcpy                        
000008a9  __TI_decompress_lzss          
00000911  GPIOPinConfigure              
00000959  UARTConfigSetExpClk           
000009a1  __TI_auto_init_nobinit_nopinit
000009e5  SysCtlPeripheralEnable        
00000a19  _c_int00_noargs               
00000a4d  GPIODirModeSet                
00000a79  UARTDisable                   
00000a99  __TI_zero_init_nomemset       
00000ab5  GPIOPinTypeGPIOOutput         
00000acd  SysTickDisable                
00000ae1  SysTickEnable                 
00000af5  UARTEnable                    
00000b09  GPIOPinTypeGPIOInput          
00000b1b  GPIOPinTypeUART               
00000b2d  SysTickPeriodSet              
00000b3d  __TI_decompress_none          
00000b4b  ResetISR                      
00000b57  UARTCharPut                   
00000b61  GPIOPinRead                   
00000b67  GPIOPinWrite                  
00000b6d  SysCtlDelay                   
00000b73  _system_pre_init              
00000b77  C$$EXIT                       
00000b77  abort                         
00000c78  __TI_Handler_Table_Base       
00000c84  __TI_Handler_Table_Limit      
00000c98  __TI_CINIT_Base               
00000ca8  __TI_CINIT_Limit              
20000000  __stack                       
20000000  __start___llvm_prf_cnts       
20000000  __stop___llvm_prf_cnts        
20000200  __STACK_END                   
20000200  __STACK_TOP                   
20000200  activos                       
20000201  sensor0                       
20000202  sensor1                       
20000203  sensor2                       
20000204  sensor3                       
20000205  sensorUART                    
20000208  i                             
ffffffff  __TI_pprof_out_hndl           
ffffffff  __TI_prof_data_size           
ffffffff  __TI_prof_data_start          
ffffffff  __binit__                     
ffffffff  __c_args__                    
ffffffff  binit                         
UNDEFED   __mpu_init                    
UNDEFED   _system_post_cinit            

[62 symbols]
